2026-07-24 09:07:01 [INFO] my_app.logs.log_config_service:38 - Log configuration loaded successfully
2026-07-24 09:07:03 [INFO] __main__:247 - ⏱️ open_sensorのバッテリーとサーバー状態を確認中...
2026-07-24 09:07:03 [INFO] __main__:102 - check_sesame_battery 開始
2026-07-24 09:07:03 [ERROR] __main__:169 - 不明エラー
Traceback (most recent call last):
  File "C:\Users\kaisy\AppData\Local\Programs\Python\Python311\Lib\site-packages\urllib3\connection.py", line 204, in _new_conn
    sock = connection.create_connection(
           ^^^^^^^^^^^^^^^^^^^^^^^^^^^^^
  File "C:\Users\kaisy\AppData\Local\Programs\Python\Python311\Lib\site-packages\urllib3\util\connection.py", line 60, in create_connection
    for res in socket.getaddrinfo(host, port, family, socket.SOCK_STREAM):
               ^^^^^^^^^^^^^^^^^^^^^^^^^^^^^^^^^^^^^^^^^^^^^^^^^^^^^^^^^^
  File "C:\Users\kaisy\AppData\Local\Programs\Python\Python311\Lib\socket.py", line 962, in getaddrinfo
    for res in _socket.getaddrinfo(host, port, family, type, proto, flags):
               ^^^^^^^^^^^^^^^^^^^^^^^^^^^^^^^^^^^^^^^^^^^^^^^^^^^^^^^^^^^
socket.gaierror: [Errno 11001] getaddrinfo failed

The above exception was the direct cause of the following exception:

Traceback (most recent call last):
  File "C:\Users\kaisy\AppData\Local\Programs\Python\Python311\Lib\site-packages\urllib3\connectionpool.py", line 788, in urlopen
    response = self._make_request(
               ^^^^^^^^^^^^^^^^^^^
  File "C:\Users\kaisy\AppData\Local\Programs\Python\Python311\Lib\site-packages\urllib3\connectionpool.py", line 488, in _make_request
    raise new_e
  File "C:\Users\kaisy\AppData\Local\Programs\Python\Python311\Lib\site-packages\urllib3\connectionpool.py", line 464, in _make_request
    self._validate_conn(conn)
  File "C:\Users\kaisy\AppData\Local\Programs\Python\Python311\Lib\site-packages\urllib3\connectionpool.py", line 1106, in _validate_conn
    conn.connect()
  File "C:\Users\kaisy\AppData\Local\Programs\Python\Python311\Lib\site-packages\urllib3\connection.py", line 759, in connect
    self.sock = sock = self._new_conn()
                       ^^^^^^^^^^^^^^^^
  File "C:\Users\kaisy\AppData\Local\Programs\Python\Python311\Lib\site-packages\urllib3\connection.py", line 211, in _new_conn
    raise NameResolutionError(self.host, self, e) from e
urllib3.exceptions.NameResolutionError: HTTPSConnection(host='app.candyhouse.co.api', port=443): Failed to resolve 'app.candyhouse.co.api' ([Errno 11001] getaddrinfo failed)

The above exception was the direct cause of the following exception:

Traceback (most recent call last):
  File "C:\Users\kaisy\AppData\Local\Programs\Python\Python311\Lib\site-packages\requests\adapters.py", line 667, in send
    resp = conn.urlopen(
           ^^^^^^^^^^^^^
  File "C:\Users\kaisy\AppData\Local\Programs\Python\Python311\Lib\site-packages\urllib3\connectionpool.py", line 842, in urlopen
    retries = retries.increment(
              ^^^^^^^^^^^^^^^^^^
  File "C:\Users\kaisy\AppData\Local\Programs\Python\Python311\Lib\site-packages\urllib3\util\retry.py", line 543, in increment
    raise MaxRetryError(_pool, url, reason) from reason  # type: ignore[arg-type]
    ^^^^^^^^^^^^^^^^^^^^^^^^^^^^^^^^^^^^^^^^^^^^^^^^^^^
urllib3.exceptions.MaxRetryError: HTTPSConnectionPool(host='app.candyhouse.co.api', port=443): Max retries exceeded with url: /sesame2/11200509-0108-0802-3900-8700FFFFFFFF (Caused by NameResolutionError("HTTPSConnection(host='app.candyhouse.co.api', port=443): Failed to resolve 'app.candyhouse.co.api' ([Errno 11001] getaddrinfo failed)"))

During handling of the above exception, another exception occurred:

Traceback (most recent call last):
  File "c:\smartkey\02_src\my_app\service\backsys\opensensor_back_system.py", line 112, in check_open_sensor_battery
    response = requests.get(open_sensor_url, headers = headers, timeout = 10)   #10秒でタイムアウト
               ^^^^^^^^^^^^^^^^^^^^^^^^^^^^^^^^^^^^^^^^^^^^^^^^^^^^^^^^^^^^^^
  File "C:\Users\kaisy\AppData\Local\Programs\Python\Python311\Lib\site-packages\requests\api.py", line 73, in get
    return request("get", url, params=params, **kwargs)
           ^^^^^^^^^^^^^^^^^^^^^^^^^^^^^^^^^^^^^^^^^^^^
  File "C:\Users\kaisy\AppData\Local\Programs\Python\Python311\Lib\site-packages\requests\api.py", line 59, in request
    return session.request(method=method, url=url, **kwargs)
           ^^^^^^^^^^^^^^^^^^^^^^^^^^^^^^^^^^^^^^^^^^^^^^^^^
  File "C:\Users\kaisy\AppData\Local\Programs\Python\Python311\Lib\site-packages\requests\sessions.py", line 589, in request
    resp = self.send(prep, **send_kwargs)
           ^^^^^^^^^^^^^^^^^^^^^^^^^^^^^^
  File "C:\Users\kaisy\AppData\Local\Programs\Python\Python311\Lib\site-packages\requests\sessions.py", line 703, in send
    r = adapter.send(request, **kwargs)
        ^^^^^^^^^^^^^^^^^^^^^^^^^^^^^^^
  File "C:\Users\kaisy\AppData\Local\Programs\Python\Python311\Lib\site-packages\requests\adapters.py", line 700, in send
    raise ConnectionError(e, request=request)
requests.exceptions.ConnectionError: HTTPSConnectionPool(host='app.candyhouse.co.api', port=443): Max retries exceeded with url: /sesame2/11200509-0108-0802-3900-8700FFFFFFFF (Caused by NameResolutionError("HTTPSConnection(host='app.candyhouse.co.api', port=443): Failed to resolve 'app.candyhouse.co.api' ([Errno 11001] getaddrinfo failed)"))
2026-07-24 09:17:29 [INFO] my_app.logs.log_config_service:38 - Log configuration loaded successfully
2026-07-24 09:17:30 [INFO] __main__:198 - ⏱️ open_sensorのバッテリーとサーバー状態を確認中...
2026-07-24 09:17:30 [INFO] __main__:102 - check_sesame_battery 開始
2026-07-24 09:17:30 [INFO] __main__:126 - バッテリー残量: 取得失敗
2026-07-24 09:17:30 [ERROR] __main__:165 - メール送信エラー
